// Jest Snapshot v1, https://goo.gl/fbAQLP

exports[`Render AddRecipe component 1`] = `
<div>
  <WithFormik(RecipeForm)
    onSubmit={[Function]}
  />
</div>
`;
