// Jest Snapshot v1, https://goo.gl/fbAQLP

exports[`NotFoundPage rendering 1`] = `
<div>
  NotFound 
  <Link
    replace={false}
    to="/"
  >
    Go home
  </Link>
</div>
`;
